../Core/Src/trinityfunctions.c:39:6:initIMU	24	static
../Core/Src/trinityfunctions.c:89:6:initBar	24	static
../Core/Src/trinityfunctions.c:124:9:is_SPI3_done	4	static
../Core/Src/trinityfunctions.c:128:6:set_SPI3_availability	16	static
../Core/Src/trinityfunctions.c:132:9:is_SPI1_done	4	static
../Core/Src/trinityfunctions.c:136:6:set_SPI1_availability	16	static
../Core/Src/trinityfunctions.c:140:9:is_ADC_done	4	static
../Core/Src/trinityfunctions.c:144:9:IMU_readTempAccGyro	16	static
../Core/Src/trinityfunctions.c:161:6:BAR_readTemp	24	static
../Core/Src/trinityfunctions.c:192:9:BAR_readPressureTemp	16	static
../Core/Src/trinityfunctions.c:208:6:read_IMU_Bar	24	static
../Core/Src/trinityfunctions.c:216:6:ADC_to_voltages	16	static
../Core/Src/trinityfunctions.c:225:9:read_umbilical	16	static
../Core/Src/trinityfunctions.c:243:6:flash_WriteEnable	16	static
../Core/Src/trinityfunctions.c:251:6:flash_program	16	static
../Core/Src/trinityfunctions.c:273:10:get_flash_add	4	static
../Core/Src/trinityfunctions.c:277:6:fast_read_flash	312	static
../Core/Src/trinityfunctions.c:292:6:read_flash	288	static
../Core/Src/trinityfunctions.c:300:9:is_flash_busy	32	static
../Core/Src/trinityfunctions.c:314:6:sector_erase	24	static
../Core/Src/trinityfunctions.c:326:6:block_erase	24	static
../Core/Src/trinityfunctions.c:360:6:HAL_SPI_TxRxCpltCallback	16	static
../Core/Src/trinityfunctions.c:382:6:HAL_SPI_TxCpltCallback	16	static
../Core/Src/trinityfunctions.c:390:6:HAL_GPIO_EXTI_Callback	16	static
../Core/Src/trinityfunctions.c:402:6:HAL_ADC_ConvCpltCallback	16	static
../Core/Src/trinityfunctions.c:419:10:my_micros	16	static
../Core/Src/trinityfunctions.c:431:10:float_to_bits	16	static
../Core/Src/trinityfunctions.c:440:7:bits_to_float	16	static
../Core/Src/trinityfunctions.c:445:7:round2	16	static
../Core/Src/trinityfunctions.c:488:6:IMU_Calibration	96	static
../Core/Src/trinityfunctions.c:522:6:get_gyro	48	static
../Core/Src/trinityfunctions.c:545:6:get_acc	48	static
../Core/Src/trinityfunctions.c:582:6:get_vel_pos	56	static
../Core/Src/trinityfunctions.c:605:6:get_earth_acc	96	static
../Core/Src/trinityfunctions.c:620:7:get_press	24	static
../Core/Src/trinityfunctions.c:627:7:get_bar_alt	32	static
../Core/Src/trinityfunctions.c:641:6:quat_normalize	24	static
../Core/Src/trinityfunctions.c:650:6:quat_multiply	24	static
../Core/Src/trinityfunctions.c:656:6:quat_conjugate	16	static
../Core/Src/trinityfunctions.c:662:6:earth2body	88	static
../Core/Src/trinityfunctions.c:677:6:body2earth	88	static
../Core/Src/trinityfunctions.c:691:6:target2earth	88	static
../Core/Src/trinityfunctions.c:705:7:my_cos	16	static
../Core/Src/trinityfunctions.c:708:7:my_sin	16	static
../Core/Src/trinityfunctions.c:712:7:saturate	24	static
../Core/Src/trinityfunctions.c:718:7:theta2servo	24	static
../Core/Src/trinityfunctions.c:721:7:gamma2servo	24	static
../Core/Src/trinityfunctions.c:725:6:gyro2quat_integration	56	static
../Core/Src/trinityfunctions.c:739:6:get_relative_quat	40	static
../Core/Src/trinityfunctions.c:744:6:quat2axang	32	static
../Core/Src/trinityfunctions.c:769:6:updateReqTorque	128	static
../Core/Src/trinityfunctions.c:821:6:get_parabVertex_angles	208	static
../Core/Src/trinityfunctions.c:936:6:get_angles_RMS_and_paraboloid	304	static
../Core/Src/trinityfunctions.c:1134:7:mapFloat	32	static
../Core/Src/trinityfunctions.c:1137:6:writeServos	72	static
../Core/Src/trinityfunctions.c:1204:7:get_accelerometer_variance	120	dynamic
../Core/Src/trinityfunctions.c:1239:7:get_barometer_variance	80	dynamic
../Core/Src/trinityfunctions.c:1274:7:filter_altitude	88	static
